Copyright 1986-2022 Xilinx, Inc. All Rights Reserved. Copyright 2022-2026 Advanced Micro Devices, Inc. All Rights Reserved.
---------------------------------------------------------------------------------------------------------------------------------------------
| Tool Version : Vivado v.2026.1 (win64) Build 6511674 Tue Jun 16 11:02:23 MDT 2026
| Date         : Mon Sep 21 11:30:37 2026
| Host         : LAPTOP-18NH2JOG running 64-bit major release  (build 9200)
| Command      : report_utilization -file C:/hls_y26/bringup/ya128_250_h/util.rpt
| Design       : bd_wrapper
| Device       : xczu9eg-ffvb1156-2-e
| Speed File   : -2
| Design State : Physopt postRoute
---------------------------------------------------------------------------------------------------------------------------------------------

Utilization Design Information

Table of Contents
-----------------
1. CLB Logic
1.1 Summary of Registers by Type
2. CLB Logic Distribution
3. BLOCKRAM
4. ARITHMETIC
5. I/O
6. CLOCK
7. ADVANCED
8. CONFIGURATION
9. Primitives
10. Black Boxes
11. Instantiated Netlists

1. CLB Logic
------------

+----------------------------+-------+-------+------------+-----------+-------+
|          Site Type         |  Used | Fixed | Prohibited | Available | Util% |
+----------------------------+-------+-------+------------+-----------+-------+
| CLB LUTs                   | 62926 |     0 |          0 |    274080 | 22.96 |
|   LUT as Logic             | 54903 |     0 |          0 |    274080 | 20.03 |
|   LUT as Memory            |  8023 |     0 |          0 |    144000 |  5.57 |
|     LUT as Distributed RAM |  6718 |     0 |            |           |       |
|     LUT as Shift Register  |  1305 |     0 |            |           |       |
| CLB Registers              | 45589 |     0 |          0 |    548160 |  8.32 |
|   Register as Flip Flop    | 45589 |     0 |          0 |    548160 |  8.32 |
|   Register as Latch        |     0 |     0 |          0 |    548160 |  0.00 |
| CARRY8                     |  3762 |     0 |          0 |     34260 | 10.98 |
| F7 Muxes                   |  2813 |     0 |          0 |    137040 |  2.05 |
| F8 Muxes                   |  1040 |     0 |          0 |     68520 |  1.52 |
| F9 Muxes                   |     0 |     0 |          0 |     34260 |  0.00 |
| Unique Control Sets        |  1362 |       |          0 |     68520 |  1.99 |
+----------------------------+-------+-------+------------+-----------+-------+
* Warning! LUT value is adjusted to account for LUT combining.
** Note: Available Control Sets calculated as Slices * 2, Review the Control Sets Report for more information regarding control sets.


1.1 Summary of Registers by Type
--------------------------------

+-------+--------------+-------------+--------------+
| Total | Clock Enable | Synchronous | Asynchronous |
+-------+--------------+-------------+--------------+
| 0     |            _ |           - |            - |
| 0     |            _ |           - |          Set |
| 0     |            _ |           - |        Reset |
| 0     |            _ |         Set |            - |
| 0     |            _ |       Reset |            - |
| 0     |          Yes |           - |            - |
| 0     |          Yes |           - |          Set |
| 75    |          Yes |           - |        Reset |
| 986   |          Yes |         Set |            - |
| 44528 |          Yes |       Reset |            - |
+-------+--------------+-------------+--------------+


2. CLB Logic Distribution
-------------------------

+--------------------------------------------+-------+-------+------------+-----------+-------+
|                  Site Type                 |  Used | Fixed | Prohibited | Available | Util% |
+--------------------------------------------+-------+-------+------------+-----------+-------+
| CLB                                        | 11696 |     0 |          0 |     34260 | 34.14 |
|   CLBL                                     |  5304 |     0 |            |           |       |
|   CLBM                                     |  6392 |     0 |            |           |       |
| LUT as Logic                               | 54903 |     0 |          0 |    274080 | 20.03 |
|   using O5 output only                     |   343 |       |            |           |       |
|   using O6 output only                     | 39171 |       |            |           |       |
|   using O5 and O6                          | 15389 |       |            |           |       |
| LUT as Memory                              |  8023 |     0 |          0 |    144000 |  5.57 |
|   LUT as Distributed RAM                   |  6718 |     0 |            |           |       |
|     using O5 output only                   |     0 |       |            |           |       |
|     using O6 output only                   |  4098 |       |            |           |       |
|     using O5 and O6                        |  2620 |       |            |           |       |
|   LUT as Shift Register                    |  1305 |     0 |            |           |       |
|     using O5 output only                   |     0 |       |            |           |       |
|     using O6 output only                   |   947 |       |            |           |       |
|     using O5 and O6                        |   358 |       |            |           |       |
| CLB Registers                              | 45589 |     0 |          0 |    548160 |  8.32 |
|   Register driven from within the CLB      | 32920 |       |            |           |       |
|   Register driven from outside the CLB     | 12669 |       |            |           |       |
|     LUT in front of the register is unused |  8697 |       |            |           |       |
|     LUT in front of the register is used   |  3972 |       |            |           |       |
+--------------------------------------------+-------+-------+------------+-----------+-------+


3. BLOCKRAM
-----------

+-------------------+------+-------+------------+-----------+-------+
|     Site Type     | Used | Fixed | Prohibited | Available | Util% |
+-------------------+------+-------+------------+-----------+-------+
| Block RAM Tile    |  212 |     0 |          0 |       912 | 23.25 |
|   RAMB36/FIFO*    |  209 |     0 |          0 |       912 | 22.92 |
|     RAMB36E2 only |  209 |       |            |           |       |
|   RAMB18          |    6 |     0 |          0 |      1824 |  0.33 |
|     RAMB18E2 only |    6 |       |            |           |       |
+-------------------+------+-------+------------+-----------+-------+
* Note: Each Block RAM Tile only has one FIFO logic available and therefore can accommodate only one FIFO36E2 or one FIFO18E2. However, if a FIFO18E2 occupies a Block RAM Tile, that tile can still accommodate a RAMB18E2


4. ARITHMETIC
-------------

+----------------+------+-------+------------+-----------+-------+
|    Site Type   | Used | Fixed | Prohibited | Available | Util% |
+----------------+------+-------+------------+-----------+-------+
| DSPs           |  717 |     0 |          0 |      2520 | 28.45 |
|   DSP48E2 only |  717 |       |            |           |       |
+----------------+------+-------+------------+-----------+-------+


5. I/O
------

+------------------+------+-------+------------+-----------+-------+
|     Site Type    | Used | Fixed | Prohibited | Available | Util% |
+------------------+------+-------+------------+-----------+-------+
| Bonded IOB       |    0 |     0 |          0 |       328 |  0.00 |
|   HPIOB_M        |    0 |     0 |          0 |        96 |  0.00 |
|   HPIOB_S        |    0 |     0 |          0 |        96 |  0.00 |
|   HDIOB_M        |    0 |     0 |          0 |        60 |  0.00 |
|   HDIOB_S        |    0 |     0 |          0 |        60 |  0.00 |
|   HPIOB_SNGL     |    0 |     0 |          0 |        16 |  0.00 |
| HPIOBDIFFINBUF   |    0 |     0 |          0 |        96 |  0.00 |
| HPIOBDIFFOUTBUF  |    0 |     0 |          0 |        96 |  0.00 |
| HDIOBDIFFINBUF   |    0 |     0 |          0 |        60 |  0.00 |
| BITSLICE_CONTROL |    0 |     0 |          0 |        32 |  0.00 |
| BITSLICE_RX_TX   |    0 |     0 |          0 |      1248 |  0.00 |
| BITSLICE_TX      |    0 |     0 |          0 |        32 |  0.00 |
| RIU_OR           |    0 |     0 |          0 |        16 |  0.00 |
+------------------+------+-------+------------+-----------+-------+


6. CLOCK
--------

+------------+------+-------+------------+-----------+-------+
|  Site Type | Used | Fixed | Prohibited | Available | Util% |
+------------+------+-------+------------+-----------+-------+
| BUFGCE     |    0 |     0 |          0 |       116 |  0.00 |
| BUFGCE_DIV |    0 |     0 |          0 |        16 |  0.00 |
| BUFG_GT    |    0 |     0 |          0 |       168 |  0.00 |
| BUFG_PS    |    1 |     0 |          0 |        72 |  1.39 |
| BUFGCTRL*  |    0 |     0 |          0 |        32 |  0.00 |
| PLL        |    0 |     0 |          0 |         8 |  0.00 |
| MMCM       |    0 |     0 |          0 |         4 |  0.00 |
+------------+------+-------+------------+-----------+-------+
* Note: Each used BUFGCTRL counts as two GLOBAL CLOCK BUFFERs. This table does not include global clocking resources, only buffer cell usage. See the Clock Utilization Report (report_clock_utilization) for detailed accounting of global clocking resource availability.


7. ADVANCED
-----------

+-----------------+------+-------+------------+-----------+--------+
|    Site Type    | Used | Fixed | Prohibited | Available |  Util% |
+-----------------+------+-------+------------+-----------+--------+
| GTHE4_CHANNEL   |    0 |     0 |          0 |        24 |   0.00 |
| GTHE4_COMMON    |    0 |     0 |          0 |         6 |   0.00 |
| OBUFDS_GTE4     |    0 |     0 |          0 |        12 |   0.00 |
| OBUFDS_GTE4_ADV |    0 |     0 |          0 |        12 |   0.00 |
| PS8             |    1 |     0 |          0 |         1 | 100.00 |
| SYSMONE4        |    0 |     0 |          0 |         1 |   0.00 |
+-----------------+------+-------+------------+-----------+--------+


8. CONFIGURATION
----------------

+-------------+------+-------+------------+-----------+-------+
|  Site Type  | Used | Fixed | Prohibited | Available | Util% |
+-------------+------+-------+------------+-----------+-------+
| BSCANE2     |    0 |     0 |          0 |         4 |  0.00 |
| DNA_PORTE2  |    0 |     0 |          0 |         1 |  0.00 |
| EFUSE_USR   |    0 |     0 |          0 |         1 |  0.00 |
| FRAME_ECCE4 |    0 |     0 |          0 |         1 |  0.00 |
| ICAPE3      |    0 |     0 |          0 |         2 |  0.00 |
| MASTER_JTAG |    0 |     0 |          0 |         1 |  0.00 |
| STARTUPE3   |    0 |     0 |          0 |         1 |  0.00 |
+-------------+------+-------+------------+-----------+-------+


9. Primitives
-------------

+----------+-------+---------------------+
| Ref Name |  Used | Functional Category |
+----------+-------+---------------------+
| FDRE     | 44528 |            Register |
| LUT4     | 18585 |                 CLB |
| LUT2     | 17271 |                 CLB |
| LUT6     | 14944 |                 CLB |
| LUT3     | 12395 |                 CLB |
| LUT5     |  5074 |                 CLB |
| RAMS32   |  4298 |                 CLB |
| RAMS64E  |  4096 |                 CLB |
| CARRY8   |  3762 |                 CLB |
| MUXF7    |  2813 |                 CLB |
| LUT1     |  2023 |                 CLB |
| MUXF8    |  1040 |                 CLB |
| FDSE     |   986 |            Register |
| SRL16E   |   955 |                 CLB |
| RAMD32   |   944 |                 CLB |
| DSP48E2  |   717 |          Arithmetic |
| SRLC32E  |   708 |                 CLB |
| RAMB36E2 |   209 |            BLOCKRAM |
| FDCE     |    75 |            Register |
| RAMB18E2 |     6 |            BLOCKRAM |
| PS8      |     1 |            Advanced |
| BUFG_PS  |     1 |               Clock |
+----------+-------+---------------------+


10. Black Boxes
---------------

+----------+------+
| Ref Name | Used |
+----------+------+


11. Instantiated Netlists
-------------------------

+-----------------------------------+------+
|              Ref Name             | Used |
+-----------------------------------+------+
| bd_zynq_ultra_ps_e_0_0            |    1 |
| bd_y26_conv_top_0_0               |    1 |
| bd_rst_ps8_0_249M_0               |    1 |
| bd_ps8_0_axi_periph_imp_auto_pc_0 |    1 |
| bd_axi_smc_3_0                    |    1 |
| bd_axi_smc_2_0                    |    1 |
| bd_axi_smc_1_0                    |    1 |
| bd_axi_smc_0                      |    1 |
+-----------------------------------+------+


